This is pdfTeX, Version 3.141592653-2.6-1.40.29 (TeX Live 2026) (preloaded format=pdflatex 2026.4.11)  11 APR 2026 23:19
entering extended mode
 restricted \write18 enabled.
 %&-line parsing enabled.
**rapport.tex
(./rapport.tex
LaTeX2e <2025-11-01>
L3 programming layer <2026-03-20>
(c:/Users/marwa/AppData/Roaming/TinyTeX/texmf-dist/tex/latex/base/article.cls
Document Class: article 2025/01/22 v1.4n Standard LaTeX document class
(c:/Users/marwa/AppData/Roaming/TinyTeX/texmf-dist/tex/latex/base/size12.clo
File: size12.clo 2025/01/22 v1.4n Standard LaTeX file (size option)
)
\c@part=\count275
\c@section=\count276
\c@subsection=\count277
\c@subsubsection=\count278
\c@paragraph=\count279
\c@subparagraph=\count280
\c@figure=\count281
\c@table=\count282
\abovecaptionskip=\skip49
\belowcaptionskip=\skip50
\bibindent=\dimen150
) (c:/Users/marwa/AppData/Roaming/TinyTeX/texmf-dist/tex/latex/base/inputenc.sty
Package: inputenc 2024/02/08 v1.3d Input encoding file
\inpenc@prehook=\toks17
\inpenc@posthook=\toks18
) (c:/Users/marwa/AppData/Roaming/TinyTeX/texmf-dist/tex/latex/base/fontenc.sty
Package: fontenc 2025/07/18 v2.1d Standard LaTeX package
) (c:/Users/marwa/AppData/Roaming/TinyTeX/texmf-dist/tex/generic/babel/babel.sty
Package: babel 2026/03/24 v26.5 The multilingual framework for LuaLaTeX, pdfLaTeX and XeLaTeX
\babel@savecnt=\count283
LaTeX Encoding Info:    Redeclaring text command \ij (encoding OT1) on input line 2078.
LaTeX Encoding Info:    Redeclaring text command \IJ (encoding OT1) on input line 2080.
LaTeX Encoding Info:    Redeclaring text command \ij (encoding T1) on input line 2082.
LaTeX Encoding Info:    Redeclaring text command \IJ (encoding T1) on input line 2083.
LaTeX Encoding Info:    Ignoring declaration for text command \ij (encoding ?) on input line 2084.
LaTeX Encoding Info:    Ignoring declaration for text command \IJ (encoding ?) on input line 2086.
LaTeX Encoding Info:    Ignoring declaration for text command \SS (encoding ?) on input line 2111.
\U@D=\dimen151
\l@unhyphenated=\language3
 (c:/Users/marwa/AppData/Roaming/TinyTeX/texmf-dist/tex/generic/babel/txtbabel.def)
\bbl@readstream=\read2
\bbl@dirlevel=\count284
 (c:/Users/marwa/AppData/Roaming/TinyTeX/texmf-dist/tex/generic/babel/locale/fr/babel-french.tex)
Package babel Info: Importing font and identification data for french
(babel)             from babel-fr.ini. Reported on input line 4330.
 (c:/Users/marwa/AppData/Roaming/TinyTeX/texmf-dist/tex/generic/babel-french/french.ldf
Language: french 2025-08-15 v4.0e French support from the babel system
 (c:/Users/marwa/AppData/Roaming/TinyTeX/texmf-dist/tex/generic/babel-french/french3.ldf
Language: french 2025-08-15 v3.7e French support from the babel system
Package babel Info: Hyphen rules for 'french' set to \l@nohyphenation
(babel)             (\language2). Reported on input line 87.


Package babel Warning: No hyphenation patterns were preloaded for
(babel)                the language 'French' into the format.
(babel)                Please, configure your TeX system to add them and
(babel)                rebuild the format. Now I will use the patterns
(babel)                preloaded for \language=nohyphenation instead on input line 87.

\FB@stdchar=\count285
Package babel Info: Making : an active character on input line 273.
Package babel Info: Making ; an active character on input line 274.
Package babel Info: Making ! an active character on input line 275.
Package babel Info: Making ? an active character on input line 276.
\FBguill@level=\count286
\FBold@everypar=\toks19
\FB@Mht=\dimen152
\mc@charclass=\count287
\mc@charfam=\count288
\mc@charslot=\count289
\std@mcc=\count290
\dec@mcc=\count291
\FB@pardim=\dimen153
\listindentFB=\dimen154
\descindentFB=\dimen155
\labelindentFB=\dimen156
\labelwidthFB=\dimen157
\leftmarginFB=\dimen158
\parindentFFN=\dimen159
\FBfnindent=\dimen160
))) (c:/Users/marwa/AppData/Roaming/TinyTeX/texmf-dist/tex/latex/carlisle/scalefnt.sty) (c:/Users/marwa/AppData/Roaming/TinyTeX/texmf-dist/tex/latex/lm/lmodern.sty
Package: lmodern 2015/05/01 v1.6.1 Latin Modern Fonts
LaTeX Font Info:    Overwriting symbol font `operators' in version `normal'
(Font)                  OT1/cmr/m/n --> OT1/lmr/m/n on input line 22.
LaTeX Font Info:    Overwriting symbol font `letters' in version `normal'
(Font)                  OML/cmm/m/it --> OML/lmm/m/it on input line 23.
LaTeX Font Info:    Overwriting symbol font `symbols' in version `normal'
(Font)                  OMS/cmsy/m/n --> OMS/lmsy/m/n on input line 24.
LaTeX Font Info:    Overwriting symbol font `largesymbols' in version `normal'
(Font)                  OMX/cmex/m/n --> OMX/lmex/m/n on input line 25.
LaTeX Font Info:    Overwriting symbol font `operators' in version `bold'
(Font)                  OT1/cmr/bx/n --> OT1/lmr/bx/n on input line 26.
LaTeX Font Info:    Overwriting symbol font `letters' in version `bold'
(Font)                  OML/cmm/b/it --> OML/lmm/b/it on input line 27.
LaTeX Font Info:    Overwriting symbol font `symbols' in version `bold'
(Font)                  OMS/cmsy/b/n --> OMS/lmsy/b/n on input line 28.
LaTeX Font Info:    Overwriting symbol font `largesymbols' in version `bold'
(Font)                  OMX/cmex/m/n --> OMX/lmex/m/n on input line 29.
LaTeX Font Info:    Overwriting math alphabet `\mathbf' in version `normal'
(Font)                  OT1/cmr/bx/n --> OT1/lmr/bx/n on input line 31.
LaTeX Font Info:    Overwriting math alphabet `\mathsf' in version `normal'
(Font)                  OT1/cmss/m/n --> OT1/lmss/m/n on input line 32.
LaTeX Font Info:    Overwriting math alphabet `\mathit' in version `normal'
(Font)                  OT1/cmr/m/it --> OT1/lmr/m/it on input line 33.
LaTeX Font Info:    Overwriting math alphabet `\mathtt' in version `normal'
(Font)                  OT1/cmtt/m/n --> OT1/lmtt/m/n on input line 34.
LaTeX Font Info:    Overwriting math alphabet `\mathbf' in version `bold'
(Font)                  OT1/cmr/bx/n --> OT1/lmr/bx/n on input line 35.
LaTeX Font Info:    Overwriting math alphabet `\mathsf' in version `bold'
(Font)                  OT1/cmss/bx/n --> OT1/lmss/bx/n on input line 36.
LaTeX Font Info:    Overwriting math alphabet `\mathit' in version `bold'
(Font)                  OT1/cmr/bx/it --> OT1/lmr/bx/it on input line 37.
LaTeX Font Info:    Overwriting math alphabet `\mathtt' in version `bold'
(Font)                  OT1/cmtt/m/n --> OT1/lmtt/m/n on input line 38.
) (c:/Users/marwa/AppData/Roaming/TinyTeX/texmf-dist/tex/latex/amsmath/amsmath.sty
Package: amsmath 2025/07/09 v2.17z AMS math features
\@mathmargin=\skip51

For additional information on amsmath, use the `?' option.
(c:/Users/marwa/AppData/Roaming/TinyTeX/texmf-dist/tex/latex/amsmath/amstext.sty
Package: amstext 2024/11/17 v2.01 AMS text
 (c:/Users/marwa/AppData/Roaming/TinyTeX/texmf-dist/tex/latex/amsmath/amsgen.sty
File: amsgen.sty 1999/11/30 v2.0 generic functions
\@emptytoks=\toks20
\ex@=\dimen161
)) (c:/Users/marwa/AppData/Roaming/TinyTeX/texmf-dist/tex/latex/amsmath/amsbsy.sty
Package: amsbsy 1999/11/29 v1.2d Bold Symbols
\pmbraise@=\dimen162
) (c:/Users/marwa/AppData/Roaming/TinyTeX/texmf-dist/tex/latex/amsmath/amsopn.sty
Package: amsopn 2022/04/08 v2.04 operator names
)
\inf@bad=\count292
LaTeX Info: Redefining \frac on input line 233.
\uproot@=\count293
\leftroot@=\count294
LaTeX Info: Redefining \overline on input line 398.
LaTeX Info: Redefining \colon on input line 409.
\classnum@=\count295
\DOTSCASE@=\count296
LaTeX Info: Redefining \ldots on input line 495.
LaTeX Info: Redefining \dots on input line 498.
LaTeX Info: Redefining \cdots on input line 619.
\Mathstrutbox@=\box53
\strutbox@=\box54
LaTeX Info: Redefining \big on input line 721.
LaTeX Info: Redefining \Big on input line 722.
LaTeX Info: Redefining \bigg on input line 723.
LaTeX Info: Redefining \Bigg on input line 724.
\big@size=\dimen163
LaTeX Font Info:    Redeclaring font encoding OML on input line 742.
LaTeX Font Info:    Redeclaring font encoding OMS on input line 743.
\macc@depth=\count297
LaTeX Info: Redefining \bmod on input line 904.
LaTeX Info: Redefining \pmod on input line 909.
LaTeX Info: Redefining \smash on input line 939.
LaTeX Info: Redefining \relbar on input line 969.
LaTeX Info: Redefining \Relbar on input line 970.
\c@MaxMatrixCols=\count298
\dotsspace@=\muskip17
\c@parentequation=\count299
\dspbrk@lvl=\count300
\tag@help=\toks21
\row@=\count301
\column@=\count302
\maxfields@=\count303
\andhelp@=\toks22
\eqnshift@=\dimen164
\alignsep@=\dimen165
\tagshift@=\dimen166
\tagwidth@=\dimen167
\totwidth@=\dimen168
\lineht@=\dimen169
\@envbody=\toks23
\multlinegap=\skip52
\multlinetaggap=\skip53
\mathdisplay@stack=\toks24
LaTeX Info: Redefining \[ on input line 2950.
LaTeX Info: Redefining \] on input line 2951.
) (c:/Users/marwa/AppData/Roaming/TinyTeX/texmf-dist/tex/latex/amsfonts/amsfonts.sty
Package: amsfonts 2013/01/14 v3.01 Basic AMSFonts support
\symAMSa=\mathgroup4
\symAMSb=\mathgroup5
LaTeX Font Info:    Redeclaring math symbol \hbar on input line 98.
LaTeX Font Info:    Overwriting math alphabet `\mathfrak' in version `bold'
(Font)                  U/euf/m/n --> U/euf/b/n on input line 106.
) (c:/Users/marwa/AppData/Roaming/TinyTeX/texmf-dist/tex/latex/amsfonts/amssymb.sty
Package: amssymb 2013/01/14 v3.01 AMS font symbols
) (c:/Users/marwa/AppData/Roaming/TinyTeX/texmf-dist/tex/latex/graphics/graphicx.sty
Package: graphicx 2024/12/31 v1.2e Enhanced LaTeX Graphics (DPC,SPQR)
 (c:/Users/marwa/AppData/Roaming/TinyTeX/texmf-dist/tex/latex/graphics/keyval.sty
Package: keyval 2022/05/29 v1.15 key=value parser (DPC)
\KV@toks@=\toks25
) (c:/Users/marwa/AppData/Roaming/TinyTeX/texmf-dist/tex/latex/graphics/graphics.sty
Package: graphics 2024/08/06 v1.4g Standard LaTeX Graphics (DPC,SPQR)
 (c:/Users/marwa/AppData/Roaming/TinyTeX/texmf-dist/tex/latex/graphics/trig.sty
Package: trig 2023/12/02 v1.11 sin cos tan (DPC)
) (c:/Users/marwa/AppData/Roaming/TinyTeX/texmf-dist/tex/latex/graphics-cfg/graphics.cfg
File: graphics.cfg 2016/06/04 v1.11 sample graphics configuration
)
Package graphics Info: Driver file: pdftex.def on input line 106.
 (c:/Users/marwa/AppData/Roaming/TinyTeX/texmf-dist/tex/latex/graphics-def/pdftex.def
File: pdftex.def 2025/09/29 v1.2d Graphics/color driver for pdftex
))
\Gin@req@height=\dimen170
\Gin@req@width=\dimen171
) (c:/Users/marwa/AppData/Roaming/TinyTeX/texmf-dist/tex/latex/hyperref/hyperref.sty
Package: hyperref 2026-01-29 v7.01p Hypertext links for LaTeX
 (c:/Users/marwa/AppData/Roaming/TinyTeX/texmf-dist/tex/generic/iftex/iftex.sty
Package: iftex 2024/12/12 v1.0g TeX engine tests
) (c:/Users/marwa/AppData/Roaming/TinyTeX/texmf-dist/tex/latex/kvsetkeys/kvsetkeys.sty
Package: kvsetkeys 2022-10-05 v1.19 Key value parser (HO)
) (c:/Users/marwa/AppData/Roaming/TinyTeX/texmf-dist/tex/generic/kvdefinekeys/kvdefinekeys.sty
Package: kvdefinekeys 2019-12-19 v1.6 Define keys (HO)
) (c:/Users/marwa/AppData/Roaming/TinyTeX/texmf-dist/tex/generic/pdfescape/pdfescape.sty
Package: pdfescape 2019/12/09 v1.15 Implements pdfTeX's escape features (HO)
 (c:/Users/marwa/AppData/Roaming/TinyTeX/texmf-dist/tex/generic/ltxcmds/ltxcmds.sty
Package: ltxcmds 2023-12-04 v1.26 LaTeX kernel commands for general use (HO)
) (c:/Users/marwa/AppData/Roaming/TinyTeX/texmf-dist/tex/generic/pdftexcmds/pdftexcmds.sty
Package: pdftexcmds 2020-06-27 v0.33 Utility functions of pdfTeX for LuaTeX (HO)
 (c:/Users/marwa/AppData/Roaming/TinyTeX/texmf-dist/tex/generic/infwarerr/infwarerr.sty
Package: infwarerr 2019/12/03 v1.5 Providing info/warning/error messages (HO)
)
Package pdftexcmds Info: \pdf@primitive is available.
Package pdftexcmds Info: \pdf@ifprimitive is available.
Package pdftexcmds Info: \pdfdraftmode found.
)) (c:/Users/marwa/AppData/Roaming/TinyTeX/texmf-dist/tex/latex/hycolor/hycolor.sty
Package: hycolor 2020-01-27 v1.10 Color options for hyperref/bookmark (HO)
) (c:/Users/marwa/AppData/Roaming/TinyTeX/texmf-dist/tex/latex/hyperref/nameref.sty
Package: nameref 2026-01-29 v2.58 Cross-referencing by name of section
 (c:/Users/marwa/AppData/Roaming/TinyTeX/texmf-dist/tex/latex/refcount/refcount.sty
Package: refcount 2019/12/15 v3.6 Data extraction from label references (HO)
) (c:/Users/marwa/AppData/Roaming/TinyTeX/texmf-dist/tex/generic/gettitlestring/gettitlestring.sty
Package: gettitlestring 2019/12/15 v1.6 Cleanup title references (HO)
 (c:/Users/marwa/AppData/Roaming/TinyTeX/texmf-dist/tex/latex/kvoptions/kvoptions.sty
Package: kvoptions 2022-06-15 v3.15 Key value format for package options (HO)
))
\c@section@level=\count304
) (c:/Users/marwa/AppData/Roaming/TinyTeX/texmf-dist/tex/latex/etoolbox/etoolbox.sty
Package: etoolbox 2025/10/02 v2.5m e-TeX tools for LaTeX (JAW)
\etb@tempcnta=\count305
) (c:/Users/marwa/AppData/Roaming/TinyTeX/texmf-dist/tex/generic/stringenc/stringenc.sty
Package: stringenc 2019/11/29 v1.12 Convert strings between diff. encodings (HO)
)
\@linkdim=\dimen172
\Hy@linkcounter=\count306
\Hy@pagecounter=\count307
 (c:/Users/marwa/AppData/Roaming/TinyTeX/texmf-dist/tex/latex/hyperref/pd1enc.def
File: pd1enc.def 2026-01-29 v7.01p Hyperref: PDFDocEncoding definition (HO)
Now handling font encoding PD1 ...
... no UTF-8 mapping file for font encoding PD1
) (c:/Users/marwa/AppData/Roaming/TinyTeX/texmf-dist/tex/generic/intcalc/intcalc.sty
Package: intcalc 2019/12/15 v1.3 Expandable calculations with integers (HO)
)
\Hy@SavedSpaceFactor=\count308
 (c:/Users/marwa/AppData/Roaming/TinyTeX/texmf-dist/tex/latex/hyperref/puenc.def
File: puenc.def 2026-01-29 v7.01p Hyperref: PDF Unicode definition (HO)
Now handling font encoding PU ...
... no UTF-8 mapping file for font encoding PU
)
Package hyperref Info: Hyper figures OFF on input line 4201.
Package hyperref Info: Link nesting OFF on input line 4206.
Package hyperref Info: Hyper index ON on input line 4209.
Package hyperref Info: Plain pages OFF on input line 4216.
Package hyperref Info: Backreferencing OFF on input line 4221.
Package hyperref Info: Implicit mode ON; LaTeX internals redefined.
Package hyperref Info: Bookmarks ON on input line 4468.
\c@Hy@tempcnt=\count309
 (c:/Users/marwa/AppData/Roaming/TinyTeX/texmf-dist/tex/latex/url/url.sty
\Urlmuskip=\muskip18
Package: url 2013/09/16  ver 3.4  Verb mode for urls, etc.
)
LaTeX Info: Redefining \url on input line 4807.
\XeTeXLinkMargin=\dimen173
 (c:/Users/marwa/AppData/Roaming/TinyTeX/texmf-dist/tex/generic/bitset/bitset.sty
Package: bitset 2019/12/09 v1.3 Handle bit-vector datatype (HO)
 (c:/Users/marwa/AppData/Roaming/TinyTeX/texmf-dist/tex/generic/bigintcalc/bigintcalc.sty
Package: bigintcalc 2019/12/15 v1.5 Expandable calculations on big integers (HO)
))
\Fld@menulength=\count310
\Field@Width=\dimen174
\Fld@charsize=\dimen175
Package hyperref Info: Hyper figures OFF on input line 6084.
Package hyperref Info: Link nesting OFF on input line 6089.
Package hyperref Info: Hyper index ON on input line 6092.
Package hyperref Info: backreferencing OFF on input line 6099.
Package hyperref Info: Link coloring OFF on input line 6104.
Package hyperref Info: Link coloring with OCG OFF on input line 6109.
Package hyperref Info: PDF/A mode OFF on input line 6114.
\Hy@abspage=\count311
\c@Item=\count312
\c@Hfootnote=\count313
)
Package hyperref Info: Driver (autodetected): hpdftex.
 (c:/Users/marwa/AppData/Roaming/TinyTeX/texmf-dist/tex/latex/hyperref/hpdftex.def
File: hpdftex.def 2026-01-29 v7.01p Hyperref driver for pdfTeX
\Fld@listcount=\count314
\c@bookmark@seq@number=\count315
 (c:/Users/marwa/AppData/Roaming/TinyTeX/texmf-dist/tex/latex/rerunfilecheck/rerunfilecheck.sty
Package: rerunfilecheck 2025-06-21 v1.11 Rerun checks for auxiliary files (HO)
 (c:/Users/marwa/AppData/Roaming/TinyTeX/texmf-dist/tex/generic/uniquecounter/uniquecounter.sty
Package: uniquecounter 2019/12/15 v1.4 Provide unlimited unique counter (HO)
)
Package uniquecounter Info: New unique counter `rerunfilecheck' on input line 284.
)
\Hy@SectionHShift=\skip54
) (c:/Users/marwa/AppData/Roaming/TinyTeX/texmf-dist/tex/latex/listings/listings.sty
\lst@mode=\count316
\lst@gtempboxa=\box55
\lst@token=\toks26
\lst@length=\count317
\lst@currlwidth=\dimen176
\lst@column=\count318
\lst@pos=\count319
\lst@lostspace=\dimen177
\lst@width=\dimen178
\lst@newlines=\count320
\lst@lineno=\count321
\lst@maxwidth=\dimen179
 (c:/Users/marwa/AppData/Roaming/TinyTeX/texmf-dist/tex/latex/listings/lstpatch.sty
File: lstpatch.sty 2025/11/14 1.11b (Carsten Heinz)
) (c:/Users/marwa/AppData/Roaming/TinyTeX/texmf-dist/tex/latex/listings/lstmisc.sty
File: lstmisc.sty 2025/11/14 1.11b (Carsten Heinz)
\c@lstnumber=\count322
\lst@skipnumbers=\count323
\lst@framebox=\box56
) (c:/Users/marwa/AppData/Roaming/TinyTeX/texmf-dist/tex/latex/listings/listings.cfg
File: listings.cfg 2025/11/14 1.11b listings configuration
))
Package: listings 2025/11/14 1.11b (Carsten Heinz)

==> First Aid for listings.sty no longer applied!
    Expected:
        2024/09/23 1.10c (Carsten Heinz)
    but found:
        2025/11/14 1.11b (Carsten Heinz)
    so I'm assuming it got fixed.
(c:/Users/marwa/AppData/Roaming/TinyTeX/texmf-dist/tex/latex/graphics/color.sty
Package: color 2025/01/14 v1.3e Standard LaTeX Color (DPC)
 (c:/Users/marwa/AppData/Roaming/TinyTeX/texmf-dist/tex/latex/graphics-cfg/color.cfg
File: color.cfg 2016/01/02 v1.6 sample color configuration
)
Package color Info: Driver file: pdftex.def on input line 149.
 (c:/Users/marwa/AppData/Roaming/TinyTeX/texmf-dist/tex/latex/graphics/mathcolor.ltx)) (c:/Users/marwa/AppData/Roaming/TinyTeX/texmf-dist/tex/latex/geometry/geometry.sty
Package: geometry 2026/03/07 v6.0 Page Geometry
 (c:/Users/marwa/AppData/Roaming/TinyTeX/texmf-dist/tex/generic/iftex/ifvtex.sty
Package: ifvtex 2019/10/25 v1.7 ifvtex legacy package. Use iftex instead.
)
\Gm@cnth=\count324
\Gm@cntv=\count325
\c@Gm@tempcnt=\count326
\Gm@bindingoffset=\dimen180
\Gm@wd@mp=\dimen181
\Gm@odd@mp=\dimen182
\Gm@even@mp=\dimen183
\Gm@layoutwidth=\dimen184
\Gm@layoutheight=\dimen185
\Gm@layouthoffset=\dimen186
\Gm@layoutvoffset=\dimen187
\Gm@dimlist=\toks27
) (c:/Users/marwa/AppData/Roaming/TinyTeX/texmf-dist/tex/latex/tocloft/tocloft.sty
Package: tocloft 2017/08/31 v2.3i parameterised ToC, etc., typesetting
Package tocloft Info: The document has section divisions on input line 51.
\cftparskip=\skip55
\cftbeforetoctitleskip=\skip56
\cftaftertoctitleskip=\skip57
\cftbeforepartskip=\skip58
\cftpartnumwidth=\skip59
\cftpartindent=\skip60
\cftbeforesecskip=\skip61
\cftsecindent=\skip62
\cftsecnumwidth=\skip63
\cftbeforesubsecskip=\skip64
\cftsubsecindent=\skip65
\cftsubsecnumwidth=\skip66
\cftbeforesubsubsecskip=\skip67
\cftsubsubsecindent=\skip68
\cftsubsubsecnumwidth=\skip69
\cftbeforeparaskip=\skip70
\cftparaindent=\skip71
\cftparanumwidth=\skip72
\cftbeforesubparaskip=\skip73
\cftsubparaindent=\skip74
\cftsubparanumwidth=\skip75
\cftbeforeloftitleskip=\skip76
\cftafterloftitleskip=\skip77
\cftbeforefigskip=\skip78
\cftfigindent=\skip79
\cftfignumwidth=\skip80
\c@lofdepth=\count327
\c@lotdepth=\count328
\cftbeforelottitleskip=\skip81
\cftafterlottitleskip=\skip82
\cftbeforetabskip=\skip83
\cfttabindent=\skip84
\cfttabnumwidth=\skip85
)
LaTeX Font Info:    Trying to load font information for T1+lmr on input line 103.
 (c:/Users/marwa/AppData/Roaming/TinyTeX/texmf-dist/tex/latex/lm/t1lmr.fd
File: t1lmr.fd 2015/05/01 v1.6.1 Font defs for Latin Modern
) (c:/Users/marwa/AppData/Roaming/TinyTeX/texmf-dist/tex/latex/l3backend/l3backend-pdftex.def
File: l3backend-pdftex.def 2026-02-18 L3 backend support: PDF output (pdfTeX)
\l__color_backend_stack_int=\count329
) (./rapport.aux
Package babel Info: 'french' activates 'french' shorthands.
(babel)             Reported on input line 11.
)
\openout1 = `rapport.aux'.

LaTeX Font Info:    Checking defaults for OML/cmm/m/it on input line 103.
LaTeX Font Info:    ... okay on input line 103.
LaTeX Font Info:    Checking defaults for OMS/cmsy/m/n on input line 103.
LaTeX Font Info:    ... okay on input line 103.
LaTeX Font Info:    Checking defaults for OT1/cmr/m/n on input line 103.
LaTeX Font Info:    ... okay on input line 103.
LaTeX Font Info:    Checking defaults for T1/cmr/m/n on input line 103.
LaTeX Font Info:    ... okay on input line 103.
LaTeX Font Info:    Checking defaults for TS1/cmr/m/n on input line 103.
LaTeX Font Info:    ... okay on input line 103.
LaTeX Font Info:    Checking defaults for OMX/cmex/m/n on input line 103.
LaTeX Font Info:    ... okay on input line 103.
LaTeX Font Info:    Checking defaults for U/cmr/m/n on input line 103.
LaTeX Font Info:    ... okay on input line 103.
LaTeX Font Info:    Checking defaults for PD1/pdf/m/n on input line 103.
LaTeX Font Info:    ... okay on input line 103.
LaTeX Font Info:    Checking defaults for PU/pdf/m/n on input line 103.
LaTeX Font Info:    ... okay on input line 103.
LaTeX Info: Redefining \degres on input line 103.
 (c:/Users/marwa/AppData/Roaming/TinyTeX/texmf-dist/tex/latex/epstopdf-pkg/epstopdf-base.sty
Package: epstopdf-base 2020-01-24 v2.11 Base part for package epstopdf
Package epstopdf-base Info: Redefining graphics rule for `.eps' on input line 485.
 (c:/Users/marwa/AppData/Roaming/TinyTeX/texmf-dist/tex/latex/latexconfig/epstopdf-sys.cfg
File: epstopdf-sys.cfg 2010/07/13 v1.3 Configuration of (r)epstopdf for TeX Live
))
Package hyperref Info: Link coloring OFF on input line 103.
 (./rapport.out) (./rapport.out)
\@outlinefile=\write3
\openout3 = `rapport.out'.

\c@lstlisting=\count330

*geometry* driver: auto-detecting
*geometry* detected driver: pdftex
*geometry* verbose mode - [ preamble ] result:
* driver: pdftex
* paper: a4paper
* layout: <same size as paper>
* layoutoffset:(h,v)=(0.0pt,0.0pt)
* modes: 
* h-part:(L,W,R)=(71.13188pt, 455.24411pt, 71.13188pt)
* v-part:(T,H,B)=(71.13188pt, 702.78308pt, 71.13188pt)
* \paperwidth=597.50787pt
* \paperheight=845.04684pt
* \textwidth=455.24411pt
* \textheight=702.78308pt
* \oddsidemargin=-1.1381pt
* \evensidemargin=-1.1381pt
* \topmargin=-38.1381pt
* \headheight=12.0pt
* \headsep=25.0pt
* \topskip=12.0pt
* \footskip=30.0pt
* \marginparwidth=35.0pt
* \marginparsep=10.0pt
* \columnsep=10.0pt
* \skip\footins=10.8pt plus 4.0pt minus 2.0pt
* \hoffset=0.0pt
* \voffset=0.0pt
* \mag=1000
* \@twocolumnfalse
* \@twosidefalse
* \@mparswitchfalse
* \@reversemarginfalse
* (1in=72.27pt=25.4mm, 1cm=28.453pt)

LaTeX Font Info:    Trying to load font information for OT1+lmr on input line 106.
(c:/Users/marwa/AppData/Roaming/TinyTeX/texmf-dist/tex/latex/lm/ot1lmr.fd
File: ot1lmr.fd 2015/05/01 v1.6.1 Font defs for Latin Modern
)
LaTeX Font Info:    Trying to load font information for OML+lmm on input line 106.
 (c:/Users/marwa/AppData/Roaming/TinyTeX/texmf-dist/tex/latex/lm/omllmm.fd
File: omllmm.fd 2015/05/01 v1.6.1 Font defs for Latin Modern
)
LaTeX Font Info:    Trying to load font information for OMS+lmsy on input line 106.
 (c:/Users/marwa/AppData/Roaming/TinyTeX/texmf-dist/tex/latex/lm/omslmsy.fd
File: omslmsy.fd 2015/05/01 v1.6.1 Font defs for Latin Modern
)
LaTeX Font Info:    Trying to load font information for OMX+lmex on input line 106.
 (c:/Users/marwa/AppData/Roaming/TinyTeX/texmf-dist/tex/latex/lm/omxlmex.fd
File: omxlmex.fd 2015/05/01 v1.6.1 Font defs for Latin Modern
)
LaTeX Font Info:    External font `lmex10' loaded for size
(Font)              <14.4> on input line 106.
LaTeX Font Info:    External font `lmex10' loaded for size
(Font)              <10> on input line 106.
LaTeX Font Info:    External font `lmex10' loaded for size
(Font)              <7> on input line 106.
LaTeX Font Info:    Trying to load font information for U+msa on input line 106.
 (c:/Users/marwa/AppData/Roaming/TinyTeX/texmf-dist/tex/latex/amsfonts/umsa.fd
File: umsa.fd 2013/01/14 v3.01 AMS symbols A
)
LaTeX Font Info:    Trying to load font information for U+msb on input line 106.
 (c:/Users/marwa/AppData/Roaming/TinyTeX/texmf-dist/tex/latex/amsfonts/umsb.fd
File: umsb.fd 2013/01/14 v3.01 AMS symbols B
) [1

{c:/Users/marwa/AppData/Roaming/TinyTeX/texmf-var/fonts/map/pdftex/updmap/pdftex.map}{c:/Users/marwa/AppData/Roaming/TinyTeX/texmf-dist/fonts/enc/dvips/lm/lm-ec.enc}] (./rapport.toc
LaTeX Font Info:    External font `lmex10' loaded for size
(Font)              <12> on input line 2.
LaTeX Font Info:    External font `lmex10' loaded for size
(Font)              <8> on input line 2.
LaTeX Font Info:    External font `lmex10' loaded for size
(Font)              <6> on input line 2.
LaTeX Font Info:    Trying to load font information for T1+lmtt on input line 15.
 (c:/Users/marwa/AppData/Roaming/TinyTeX/texmf-dist/tex/latex/lm/t1lmtt.fd
File: t1lmtt.fd 2015/05/01 v1.6.1 Font defs for Latin Modern
) [2])
\tf@toc=\write4
\openout4 = `rapport.toc'.

 [3{c:/Users/marwa/AppData/Roaming/TinyTeX/texmf-dist/fonts/enc/dvips/lm/lm-mathit.enc}] [4]
Overfull \hbox (6.91899pt too wide) in paragraph at lines 145--147
[]\T1/lmr/m/n/12 Afin de vérifier la validité de notre parsing, il était nécessaire de visualiser graphiquement
 []


Overfull \hbox (3.14787pt too wide) in paragraph at lines 145--147
\T1/lmr/m/n/12 La commande employée était typiquement :  \T1/lmtt/m/n/12 dot -Tpng automate.dot -o automate.png 
 []

[5{c:/Users/marwa/AppData/Roaming/TinyTeX/texmf-dist/fonts/enc/dvips/lm/lm-rm.enc}{c:/Users/marwa/AppData/Roaming/TinyTeX/texmf-dist/fonts/enc/dvips/lm/lm-mathsy.enc}]
Overfull \hbox (15.66585pt too wide) in paragraph at lines 151--152
[]\T1/lmr/m/n/12 Avant d'entamer la phase d'implémentation, une recherche a été menée sur des plateformes
 []


Overfull \hbox (20.3354pt too wide) in paragraph at lines 151--152
\T1/lmr/m/n/12 de partage de code telles que \T1/lmr/bx/n/12 GitHub\T1/lmr/m/n/12 . L'analyse de projets open-source similaires (notamment
 []

<../projectStructre.png, id=317, 238.64156pt x 446.41782pt>
File: ../projectStructre.png Graphic file (type png)
<use ../projectStructre.png>
Package pdftex.def Info: ../projectStructre.png  used on input line 163.
(pdftex.def)             Requested size: 227.62206pt x 425.80428pt.
<../branches.png, id=319, 537.50812pt x 321.45094pt>
File: ../branches.png Graphic file (type png)
<use ../branches.png>
Package pdftex.def Info: ../branches.png  used on input line 172.
(pdftex.def)             Requested size: 341.43307pt x 204.19264pt.

Overfull \hbox (13.05841pt too wide) in paragraph at lines 178--179
\T1/lmr/m/n/12 une problématique de portabilité s'est rapidement imposée au sein de notre équipe hétérogène
 []

[6] [7 <../projectStructre.png> <../branches.png>]
Overfull \hbox (37.94337pt too wide) in paragraph at lines 186--187
\T1/lmr/m/n/12 configuration de l'infrastructure de base (Git et CMake). Il supervise le bon fonctionnement
 []


Overfull \hbox (33.83855pt too wide) in paragraph at lines 187--188
\T1/lmr/m/n/12 module \T1/lmtt/m/n/12 automate.h\T1/lmr/m/n/12 ) et a contribué au développement du moteur d'affichage (\T1/lmtt/m/n/12 display.c\T1/lmr/m/n/12 ). 
 []


Overfull \hbox (15.00482pt too wide) in paragraph at lines 188--189
[]\T1/lmr/bx/n/12 Marouane \T1/lmr/m/n/12 : En charge du développement du moteur d'analyse syntaxique permettant
 []


Overfull \hbox (4.40288pt too wide) in paragraph at lines 189--190
\T1/lmr/m/n/12 interne soit exposée lisiblement à l'écran (\T1/lmtt/m/n/12 display.c\T1/lmr/m/n/12 ). Il a aussi activement participé
 []


Overfull \hbox (9.84396pt too wide) in paragraph at lines 190--191
[]\T1/lmr/bx/n/12 Nafisa \T1/lmr/m/n/12 : Responsable de l'intégration globale des modules et conceptrice de l'interface
 []

LaTeX Font Info:    Font shape `T1/lmtt/bx/n' in size <14.4> not available
(Font)              Font shape `T1/lmtt/b/n' tried instead on input line 195.

Overfull \hbox (3.0618pt too wide) in paragraph at lines 196--197
[]\T1/lmr/m/n/12 Afin de répondre au premier objectif du cahier des charges de la \T1/lmr/bx/n/12 Question 1 \T1/lmr/m/n/12 demandant
 []


Overfull \hbox (6.40071pt too wide) in paragraph at lines 196--197
\T1/lmr/m/n/12 nous avons défini des structures en C capables de stocker les états, les transitions, l'alphabet,
 []

(c:/Users/marwa/AppData/Roaming/TinyTeX/texmf-dist/tex/latex/listings/lstlang1.sty
File: lstlang1.sty 2025/11/14 1.11b listings language file
) (c:/Users/marwa/AppData/Roaming/TinyTeX/texmf-dist/tex/latex/listings/lstmisc.sty
File: lstmisc.sty 2025/11/14 1.11b (Carsten Heinz)
)
Package hyperref Info: bookmark level for unknown lstlisting defaults to 0 on input line 199.
 (../../include/automate.h) (../../include/automate.h [8]) [9] (../../src/parser.c [10] [11]) [12]
Overfull \hbox (4.66995pt too wide) in paragraph at lines 252--253
[]\T1/lmr/m/n/12 Le développement de cette première itération n'a pas été sans obstacles. Nous soulignons
 []


Overfull \hbox (5.8792pt too wide) in paragraph at lines 255--256
\T1/lmr/m/n/12 manipulations de pointeurs complexes et une forte vigilance quant aux débordements
 []


Overfull \hbox (4.58867pt too wide) in paragraph at lines 257--258
[]\T1/lmr/bx/n/12 Incompatibilité OS pour la compilation \T1/lmr/m/n/12 : La rigidité de notre premier \T1/lmtt/m/n/12 Makefile
 []


Overfull \hbox (9.15546pt too wide) in paragraph at lines 257--258
\T1/lmr/m/n/12 momentanément la compilation avant que nous n'adoptions l'approche \T1/lmr/m/it/12 cross-platform
 []

[13]
Overfull \hbox (2.61446pt too wide) in paragraph at lines 275--276
\T1/lmr/m/n/12 (transitions entrantes et sortantes), et l'évaluation de la reconnaissance de mots (simulation
 []


Overfull \hbox (14.32104pt too wide) in paragraph at lines 280--281
[]\T1/lmr/bx/n/12 Nizar \T1/lmr/m/n/12 et \T1/lmr/bx/n/12 Nafisa \T1/lmr/m/n/12 : Ont effectué une recherche initiale exhaustive sur les problématiques
 []

[14] (../../src/generate.c)
Overfull \hbox (71.68439pt too wide) in paragraph at lines 292--293
\T1/lmr/m/n/12 transitions entrantes et sortantes. Dans \T1/lmtt/m/n/12 manipulation.c\T1/lmr/m/n/12 , la fonction \T1/lmtt/m/n/12 afficher_etat_max_transitions
 []


Overfull \hbox (1.11084pt too wide) in paragraph at lines 292--293
\T1/lmtt/m/n/12 out_count\T1/lmr/m/n/12 ). Le programme détermine ensuite le maximum global et l'affiche à l'utilisateur. 
 []


Overfull \hbox (1.10736pt too wide) in paragraph at lines 299--300
\T1/lmr/m/n/12 recherche en profondeur récursif (backtracking) dans la fonction interne \T1/lmtt/m/n/12 match_recursive\T1/lmr/m/n/12 . 
 []

[15]
Overfull \hbox (22.76045pt too wide) in paragraph at lines 326--327
\T1/lmr/m/n/12 mots. Couplé aux fonctionnalités de parsing de la Phase 1, le programme final est complètement
 []

[16]
Overfull \hbox (12.20662pt too wide) in paragraph at lines 340--341
[]\T1/lmr/m/n/12 Cette phase se concentre sur les opérations algébriques et les transformations structurelles
 []


Overfull \hbox (28.12415pt too wide) in paragraph at lines 343--345
[]\T1/lmr/m/n/12 La \T1/lmr/bx/n/12 Question 10 \T1/lmr/m/n/12 demandait d'ajouter une fonction permettant de retourner la concaténation
 []


Overfull \hbox (56.85037pt too wide) in paragraph at lines 343--345
\T1/lmr/m/n/12 de deux automates passés en paramètres. Nous avons implémenté la fonction \T1/lmtt/m/n/12 concatener_automates\T1/lmr/m/n/12 .
 []


Overfull \hbox (10.47865pt too wide) in paragraph at lines 348--349
[]\T1/lmr/m/n/12 Définir les états finaux du second automate comme les seuls états finaux de l'automate
 []

[17]
Overfull \hbox (6.5722pt too wide) in paragraph at lines 373--375
[]\T1/lmr/m/n/12 Pour répondre à la \T1/lmr/bx/n/12 Question 11\T1/lmr/m/n/12 , la fonction \T1/lmtt/m/n/12 union_automates \T1/lmr/m/n/12 crée un nouvel automate
 []


Overfull \hbox (9.71893pt too wide) in paragraph at lines 377--379
\T1/lmr/m/n/12 régulière. Nous avons implémenté l'algorithme de \T1/lmr/bx/n/12 Thompson \T1/lmr/m/n/12 via la fonction \T1/lmtt/m/n/12 regex_to_nfa\T1/lmr/m/n/12 .
 []


Overfull \hbox (22.39774pt too wide) in paragraph at lines 377--379
\T1/lmr/m/n/12 Cet algorithme transforme récursivement les opérateurs de l'expression (union $\OMS/lmsy/m/n/12 j$\T1/lmr/m/n/12 , concaténation,
 []


Package hyperref Warning: Token not allowed in a PDF string (Unicode):
(hyperref)                removing `math shift' on input line 380.


Package hyperref Warning: Token not allowed in a PDF string (Unicode):
(hyperref)                removing `\epsilon' on input line 380.


Package hyperref Warning: Token not allowed in a PDF string (Unicode):
(hyperref)                removing `math shift' on input line 380.


Overfull \hbox (1.70102pt too wide) in paragraph at lines 381--383
[]\T1/lmr/m/n/12 Enfin, pour la \T1/lmr/bx/n/12 Question 13\T1/lmr/m/n/12 , la fonction \T1/lmtt/m/n/12 supprimer_epsilon_transitions \T1/lmr/m/n/12 transforme
 []

<../data/concat_result.png, id=584, 548.0475pt x 59.22125pt>
File: ../data/concat_result.png Graphic file (type png)
<use ../data/concat_result.png>
Package pdftex.def Info: ../data/concat_result.png  used on input line 390.
(pdftex.def)             Requested size: 227.62206pt x 24.59712pt.
<../data/sup.png, id=585, 383.4325pt x 131.49126pt>
File: ../data/sup.png Graphic file (type png)
<use ../data/sup.png>
Package pdftex.def Info: ../data/sup.png  used on input line 396.
(pdftex.def)             Requested size: 227.62206pt x 78.06068pt.
<../data/reg_res.png, id=586, 661.47125pt x 122.4575pt>
File: ../data/reg_res.png Graphic file (type png)
<use ../data/reg_res.png>
Package pdftex.def Info: ../data/reg_res.png  used on input line 402.
(pdftex.def)             Requested size: 227.62206pt x 42.13762pt.
[18 <../data/concat_result.png> <../data/sup.png>] [19 <../data/reg_res.png>]
Overfull \hbox (8.5462pt too wide) in paragraph at lines 411--412
[]\T1/lmr/bx/n/12 Abdellah \T1/lmr/m/n/12 : Architecture des opérations complexes et implémentation de l'algorithme
 []

[20

]
Overfull \hbox (20.6866pt too wide) in paragraph at lines 433--434
[]\T1/lmr/bx/n/12 Produit d'automates \T1/lmr/m/n/12 : Permet de construire un automate reconnaissant l'intersection
 []


Overfull \hbox (45.46194pt too wide) in paragraph at lines 435--436
\T1/lmr/m/n/12 reposant sur la transposition et la déterminisation successive : $\OML/lmm/m/it/12 Det\OT1/lmr/m/n/12 (\OML/lmm/m/it/12 Trans\OT1/lmr/m/n/12 (\OML/lmm/m/it/12 Det\OT1/lmr/m/n/12 (\OML/lmm/m/it/12 Trans\OT1/lmr/m/n/12 (\OML/lmm/m/it/12 A\OT1/lmr/m/n/12 ))))$\T1/lmr/m/n/12 . 
 []


Overfull \hbox (22.52414pt too wide) in paragraph at lines 443--444
[]\T1/lmr/bx/n/12 Nizar \T1/lmr/m/n/12 : Développement exclusif du moteur de minimisation (Algorithme de Brzozowski)
 []


Overfull \hbox (9.94415pt too wide) in paragraph at lines 444--445
[]\T1/lmr/bx/n/12 Marouane \T1/lmr/m/n/12 : Modélisation mathématique et implémentation fine du produit cartésien
 []

[21]
Overfull \hbox (82.63748pt too wide) in paragraph at lines 455--457
\T1/lmr/m/n/12 l'AFN de départ. Un système d'indexation via un tableau bidimensionnel (\T1/lmtt/m/n/12 sets[MAX_ETATS][MAX_ETATS]\T1/lmr/m/n/12 )
 []


Overfull \hbox (23.15527pt too wide) in paragraph at lines 459--460
[]\T1/lmr/m/n/12 Pour la \T1/lmr/bx/n/12 Question 16\T1/lmr/m/n/12 , l'objectif est d'obtenir l'automate DFA le plus compact reconnaissant
 []

[22]
Overfull \hbox (8.68558pt too wide) in paragraph at lines 486--487
[]\T1/lmr/m/n/12 Comme pour les étapes mathématiques précédentes, divers obstacles ont ralenti l'équipe : 
 []


Overfull \hbox (8.35555pt too wide) in paragraph at lines 489--490
[]\T1/lmr/bx/n/12 Filtrage Epsilon \T1/lmr/m/n/12 : Les transitions Epsilon ont posé de sérieux problèmes d'exécution
 []

[23]
Overfull \hbox (4.03014pt too wide) in paragraph at lines 512--513
[]\T1/lmr/bx/n/12 Table des Symboles \T1/lmr/m/n/12 : Structure de données vitale orientée dictionnaire permettant
 []


Overfull \hbox (3.32463pt too wide) in paragraph at lines 520--521
\T1/lmr/m/n/12 branchant les séquences (Regex $\OMS/lmsy/m/n/12 !$ \T1/lmr/m/n/12 NFA $\OMS/lmsy/m/n/12 !$ \T1/lmr/m/n/12 DFA $\OMS/lmsy/m/n/12 !$ \T1/lmr/m/n/12 Minimal $\OMS/lmsy/m/n/12 !$ \T1/lmr/m/n/12 Table des Symboles). 
 []


Overfull \hbox (63.21101pt too wide) in paragraph at lines 521--522
[]\T1/lmr/bx/n/12 Ilyass \T1/lmr/m/n/12 : Finalisation des rapports visuels (\T1/lmtt/m/n/12 partie6_thompson.dot \T1/lmr/m/n/12 et \T1/lmtt/m/n/12 partie6_canonique.dot\T1/lmr/m/n/12 )
 []

[24]
Overfull \hbox (59.72551pt too wide) in paragraph at lines 532--534
[]\T1/lmr/m/n/12 Pour relier les fondations de ce compilateur sémantique, la fonction intégratrice \T1/lmtt/m/n/12 traiter_partie_6
 []


Overfull \hbox (9.20683pt too wide) in paragraph at lines 535--536
[]\T1/lmr/m/n/12 Transformation de l'expression mathématique et construction récursive de l'automate
 []


Overfull \hbox (12.94975pt too wide) in paragraph at lines 545--546
\T1/lmr/m/n/12 sérieusement cela en insérant une libération de mémoire immédiate (\T1/lmtt/m/n/12 free_automaton\T1/lmr/m/n/12 )
 []


Overfull \hbox (24.9404pt too wide) in paragraph at lines 549--550
\T1/lmr/m/n/12 non anodin de lexèmes depuis un fichier source complexe jusqu'à un automate de reconnaissance
 []


Overfull \hbox (1.50923pt too wide) in paragraph at lines 552--553
\T1/lmr/m/n/12 couvert l'intégralité du pipeline de traitement. Cette expérience a renforcé nos compétences
 []


Overfull \hbox (15.48827pt too wide) in paragraph at lines 552--553
\T1/lmr/m/n/12 en programmation système (C), en gestion de versions (Git) et en travail d'équipe collaboratif. 
 []

[25] [26] (./rapport.aux)
 ***********
LaTeX2e <2025-11-01>
L3 programming layer <2026-03-20>
 ***********
Package rerunfilecheck Info: File `rapport.out' has not changed.
(rerunfilecheck)             Checksum: DACC93498FA772AF09A8892B3B0B424D;14486.
 ) 
Here is how much of TeX's memory you used:
 14825 strings out of 469339
 231541 string characters out of 5464315
 1258971 words of memory out of 5000000
 43128 multiletter control sequences out of 15000+600000
 705428 words of font info for 92 fonts, out of 8000000 for 9000
 14 hyphenation exceptions out of 8191
 75i,12n,79p,614b,2130s stack positions out of 10000i,1000n,20000p,200000b,200000s
<c:/Users/marwa/AppData/Roaming/TinyTeX/texmf-dist/fonts/type1/public/lm/lmbx12.pfb><c:/Users/marwa/AppData/Roaming/TinyTeX/texmf-dist/fonts/type1/public/lm/lmbxi10.pfb><c:/Users/marwa/AppData/Roaming/TinyTeX/texmf-dist/fonts/type1/public/lm/lmcsc10.pfb><c:/Users/marwa/AppData/Roaming/TinyTeX/texmf-dist/fonts/type1/public/lm/lmmi12.pfb><c:/Users/marwa/AppData/Roaming/TinyTeX/texmf-dist/fonts/type1/public/lm/lmmi8.pfb><c:/Users/marwa/AppData/Roaming/TinyTeX/texmf-dist/fonts/type1/public/lm/lmr12.pfb><c:/Users/marwa/AppData/Roaming/TinyTeX/texmf-dist/fonts/type1/public/lm/lmr17.pfb><c:/Users/marwa/AppData/Roaming/TinyTeX/texmf-dist/fonts/type1/public/lm/lmr6.pfb><c:/Users/marwa/AppData/Roaming/TinyTeX/texmf-dist/fonts/type1/public/lm/lmr8.pfb><c:/Users/marwa/AppData/Roaming/TinyTeX/texmf-dist/fonts/type1/public/lm/lmri12.pfb><c:/Users/marwa/AppData/Roaming/TinyTeX/texmf-dist/fonts/type1/public/lm/lmsy10.pfb><c:/Users/marwa/AppData/Roaming/TinyTeX/texmf-dist/fonts/type1/public/lm/lmtk10.pfb><c:/Users/marwa/AppData/Roaming/TinyTeX/texmf-dist/fonts/type1/public/lm/lmtt10.pfb><c:/Users/marwa/AppData/Roaming/TinyTeX/texmf-dist/fonts/type1/public/lm/lmtt12.pfb>
Output written on rapport.pdf (26 pages, 439180 bytes).
PDF statistics:
 786 PDF objects out of 1000 (max. 8388607)
 711 compressed objects within 8 object streams
 311 named destinations out of 1000 (max. 500000)
 474 words of extra memory for PDF output out of 10000 (max. 10000000)

